../Core/Src/main.c:84:5:main	24	static
../Core/Src/main.c:161:6:SystemClock_Config	88	static
../Core/Src/main.c:208:13:MX_TIM2_Init	48	static
../Core/Src/main.c:261:13:MX_TIM3_Init	56	static
../Core/Src/main.c:310:13:MX_USART2_UART_Init	8	static
../Core/Src/main.c:343:13:MX_GPIO_Init	48	static
../Core/Src/main.c:372:7:Position_Motor	24	static
../Core/Src/main.c:381:10:PositionMotor	24	static
../Core/Src/main.c:384:10:ControlSpeed	16	static
../Core/Src/main.c:390:6:HAL_TIM_PeriodElapsedCallback	16	static
../Core/Src/main.c:403:6:Error_Handler	4	static,ignoring_inline_asm
