../Core/Src/main.c:83:5:main	24	static
../Core/Src/main.c:160:6:SystemClock_Config	88	static
../Core/Src/main.c:207:13:MX_TIM2_Init	48	static
../Core/Src/main.c:260:13:MX_TIM3_Init	56	static
../Core/Src/main.c:309:13:MX_USART2_UART_Init	8	static
../Core/Src/main.c:342:13:MX_GPIO_Init	48	static
../Core/Src/main.c:371:7:Position_Motor	24	static
../Core/Src/main.c:380:10:PositionMotor	24	static
../Core/Src/main.c:383:10:ControlSpeed	16	static
../Core/Src/main.c:389:6:HAL_TIM_PeriodElapsedCallback	16	static
../Core/Src/main.c:402:6:Error_Handler	4	static,ignoring_inline_asm
